backend/functions.ts(10,18): error TS2339: Property 'auth' does not exist on type 'CallableResponse<unknown>'.
backend/functions.ts(14,22): error TS2339: Property 'uid' does not exist on type 'CallableRequest<any>'.
backend/functions.ts(14,37): error TS2339: Property 'auth' does not exist on type 'CallableResponse<unknown>'.
backend/functions.ts(49,6): error TS2339: Property 'document' does not exist on type 'typeof import("C:/Users/Comunica\u00E7\u00E3o/Documents/MESTRE NOS NEGOCIOS -11-01/node_modules/firebase-functions/lib/v2/providers/firestore")'.
backend/functions.ts(73,13): error TS2339: Property 'lessonId' does not exist on type 'CallableRequest<any>'.
backend/functions.ts(73,23): error TS2339: Property 'durationWatched' does not exist on type 'CallableRequest<any>'.
backend/functions.ts(74,33): error TS2339: Property 'auth' does not exist on type 'CallableResponse<unknown>'.
src/components/FinanceRequestQueue.tsx(4,43): error TS2305: Module '"@/components/Icons"' has no exported member 'XCircle'.
src/funnel/CheckoutStep.tsx(3,20): error TS2307: Cannot find module '../Button' or its corresponding type declarations.
src/funnel/CheckoutStep.tsx(4,19): error TS2307: Cannot find module '../Input' or its corresponding type declarations.
src/funnel/CheckoutStep.tsx(5,18): error TS2307: Cannot find module '../Card' or its corresponding type declarations.
src/funnel/CheckoutStep.tsx(6,25): error TS2307: Cannot find module '../../hooks/useAuth' or its corresponding type declarations.
src/funnel/CheckoutStep.tsx(7,54): error TS2307: Cannot find module '../Icons' or its corresponding type declarations.
src/funnel/SolutionStep.tsx(3,20): error TS2307: Cannot find module '../Button' or its corresponding type declarations.
src/funnel/SolutionStep.tsx(4,25): error TS2307: Cannot find module '../VideoPlayer' or its corresponding type declarations.
src/funnel/SolutionStep.tsx(5,47): error TS2307: Cannot find module '../Icons' or its corresponding type declarations.
src/funnel/TriageStep.tsx(3,20): error TS2307: Cannot find module '../Button' or its corresponding type declarations.
src/funnel/TriageStep.tsx(4,25): error TS2307: Cannot find module '../VideoPlayer' or its corresponding type declarations.
src/funnel/TriageStep.tsx(5,40): error TS2307: Cannot find module '../Icons' or its corresponding type declarations.
src/hooks/useLessonFlow.ts(3,31): error TS2307: Cannot find module '../types/MentorshipLogic' or its corresponding type declarations.
src/layout/StudentSidebar.tsx(7,8): error TS2307: Cannot find module '../Icons' or its corresponding type declarations.
src/pages/admin/AdminModals.tsx(3,20): error TS2307: Cannot find module '../../../components/Button' or its corresponding type declarations.
src/pages/admin/AdminModals.tsx(4,19): error TS2307: Cannot find module '../../../components/Input' or its corresponding type declarations.
src/pages/admin/AdminModals.tsx(9,8): error TS2307: Cannot find module '../../../components/Icons' or its corresponding type declarations.
src/pages/admin/AdminModals.tsx(12,276): error TS2307: Cannot find module '../../../services/mockFirebase' or its corresponding type declarations.
src/pages/admin/AdminModals.tsx(13,28): error TS2307: Cannot find module '../../../components/CampaignBanner' or its corresponding type declarations.
src/pages/admin/AdminModals.tsx(15,32): error TS2307: Cannot find module '../../../components/StudentProfileView' or its corresponding type declarations.
src/pages/admin/AdminModals.tsx(16,33): error TS2307: Cannot find module '../../../services/securityService' or its corresponding type declarations.
src/pages/admin/AdminNavigation.tsx(8,8): error TS2307: Cannot find module '../../../components/Icons' or its corresponding type declarations.
src/pages/admin/AdminNavigation.tsx(11,37): error TS2307: Cannot find module '../../../components/Icons' or its corresponding type declarations.
src/pages/FunnelPage.tsx(3,24): error TS2307: Cannot find module '../components/funnel/TriageStep' or its corresponding type declarations.
src/pages/FunnelPage.tsx(4,26): error TS2307: Cannot find module '../components/funnel/SolutionStep' or its corresponding type declarations.
src/pages/FunnelPage.tsx(5,26): error TS2307: Cannot find module '../components/funnel/CheckoutStep' or its corresponding type declarations.
src/pages/marketing/tabs/UGCAutomationTab.tsx(164,34): error TS2304: Cannot find name 'Brain'.
src/pages/MestreIAPage.tsx(108,178): error TS2304: Cannot find name 'triggerCostAction'.
src/pages/producer/modals/NexusConsultancyModal.tsx(52,91): error TS2345: Argument of type '"service_usage_scan"' is not assignable to parameter of type '"purchase" | "bonus" | "refund" | "credit" | "debit" | "service_usage" | "transfer" | "team_cost"'.
src/pages/producer/ProducerConsultancyPage.tsx(11,33): error TS2305: Module '"../../types/nexus"' has no exported member 'ProductDNA'.
src/pages/producer/ProducerConsultancyPage.tsx(681,48): error TS2345: Argument of type '`Nexus Raio-X: ${any}`' is not assignable to parameter of type '"purchase" | "bonus" | "refund" | "credit" | "debit" | "service_usage" | "transfer" | "team_cost"'.
src/pages/producer/ProducerConsultancyPage.tsx(832,55): error TS2339: Property 'env' does not exist on type 'ImportMeta'.
src/pages/producer/ProducerFinancePage.tsx(60,15): error TS2554: Expected 4 arguments, but got 1.
src/pages/producer/ProducerFinancePage.tsx(61,15): error TS2554: Expected 4 arguments, but got 1.
src/pages/producer/ProducerTeamPage.tsx(2,67): error TS2724: '"../../components/Icons"' has no exported member named 'Trash2'. Did you mean 'Trash'?
src/services/mockFirebase.ts(824,15): error TS2345: Argument of type '{ id: string; studentId: string; studentName: string; studentEmail: string; purchaseDate: number; requestDate: number; amount: number; reason: string; status: "pending_support"; }' is not assignable to parameter of type 'RefundRequest'.
  Type '{ id: string; studentId: string; studentName: string; studentEmail: string; purchaseDate: number; requestDate: number; amount: number; reason: string; status: "pending_support"; }' is missing the following properties from type 'RefundRequest': userId, userName, userEmail, productName, and 2 more.
src/services/mockFirebase.ts(1761,48): error TS2345: Argument of type '{ id: string; type: "purchase"; amount: number; toolId: string; description: string; timestamp: number; pocketUsed: "global"; balanceSnapshot: number; }' is not assignable to parameter of type 'WalletTransaction'.
  Type '{ id: string; type: "purchase"; amount: number; toolId: string; description: string; timestamp: number; pocketUsed: "global"; balanceSnapshot: number; }' is missing the following properties from type 'WalletTransaction': producerId, category
src/services/mockFirebase.ts(1801,13): error TS2322: Type 'string' is not assignable to type 'number'.
src/services/mockFirebase.ts(1846,13): error TS2322: Type 'string' is not assignable to type 'number'.
src/services/StudentMemoryService.ts(1,57): error TS2307: Cannot find module '../types/MentorshipLogic' or its corresponding type declarations.
